192.95.12.193 - - [24/May/2025:04:34:41 +0000] "GET /blog/tags/log HTTP/1.1" 200 26917 "-" "UniversalFeedParser/4.2-pre-314-svn +http://feedparser.org/"
217.212.224.181 - - [24/May/2025:04:34:42 +0000] "GET /blog/tags/log HTTP/1.1" 200 38394 "-" "Mozilla/5.0 (compatible; Yahoo! Slurp; http://help.yahoo.com/help/us/ysearch/slurp)"
65.55.213.73 - - [24/May/2025:04:34:43 +0000] "GET /blog/tags/ruby HTTP/1.1" 200 39559 "-" "Mozilla/5.0 (compatible; Yahoo! Slurp; http://help.yahoo.com/help/us/ysearch/slurp)"
65.55.213.74 - - [24/May/2025:04:34:44 +0000] "GET /blog/geekery/insist-on-better-asserts.html HTTP/1.1" 200 9421 "-" "Mozilla/5.0 (compatible; Yahoo! Slurp; http://help.yahoo.com/help/us/ysearch/slurp)"
207.241.237.227 - - [24/May/2025:04:34:45 +0000] "GET /blog/tags/ruby HTTP/1.1" 200 11899 "-" "Mozilla/5.0 (compatible; Yahoo! Slurp; http://help.yahoo.com/help/us/ysearch/slurp)"
68.180.224.225 - - [24/May/2025:04:34:46 +0000] "GET /blog/tags/ruby HTTP/1.1" 200 11387 "-" "Mozilla/5.0 (compatible; Yahoo! Slurp; http://help.yahoo.com/help/us/ysearch/slurp)"
207.241.237.227 - - [24/May/2025:04:34:47 +0000] "GET /blog/tags/open%20source HTTP/1.1" 200 9607 "-" "msnbot/2.0b (+http://search.msn.com/msnbot.htm)"
68.180.224.225 - - [24/May/2025:04:34:48 +0000] "GET /blog/tags/linux HTTP/1.1" 200 22674 "-" "msnbot/2.0b (+http://search.msn.com/msnbot.htm)"
217.212.224.181 - - [24/May/2025:04:34:49 +0000] "GET /blog/geekery/installing-windows-8-consumer-preview.html HTTP/1.1" 200 2748 "-" "UniversalFeedParser/4.2-pre-314-svn +http://feedparser.org/"
68.180.224.225 - - [24/May/2025:04:34:50 +0000] "GET /blog/geekery/insist-on-better-asserts.html HTTP/1.1" 200 3744 "-" "Mozilla/5.0 (compatible; special_archiver/3.1.1 +http://www.archive.org/details/archive.org_bot)"
46.105.14.53 - - [24/May/2025:04:34:51 +0000] "GET /blog/geekery/installing-windows-8-consumer-preview.html HTTP/1.1" 200 26162 "-" "Mozilla/5.0 (compatible; Yahoo! Slurp; http://help.yahoo.com/help/us/ysearch/slurp)"
192.95.12.193 - - [24/May/2025:04:34:52 +0000] "GET /blog/geekery/insist-on-better-asserts.html HTTP/1.1" 200 8803 "-" "psbot/0.1 (+http://www.picsearch.com/bot.html)"
217.212.224.181 - - [24/May/2025:04:34:53 +0000] "GET /blog/tags/sysadmin HTTP/1.1" 200 23228 "-" "UniversalFeedParser/4.2-pre-314-svn +http://feedparser.org/"
46.105.14.53 - - [24/May/2025:04:34:54 +0000] "GET /blog/tags/linux HTTP/1.1" 200 27313 "-" "msnbot/2.0b (+http://search.msn.com/msnbot.htm)"
68.180.224.225 - - [24/May/2025:04:34:55 +0000] "GET /blog/tags/log HTTP/1.1" 200 10792 "-" "UniversalFeedParser/4.2-pre-314-svn +http://feedparser.org/"
217.212.224.181 - - [24/May/2025:04:34:56 +0000] "GET /blog/tags/linux HTTP/1.1" 200 32581 "-" "msnbot/2.0b (+http://search.msn.com/msnbot.htm)"
217.212.224.181 - - [24/May/2025:04:34:57 +0000] "GET /blog/tags/log HTTP/1.1" 200 10179 "-" "Mozilla/5.0 (compatible; Yahoo! Slurp; http://help.yahoo.com/help/us/ysearch/slurp)"
68.180.224.225 - - [24/May/2025:04:34:58 +0000] "GET /about/ HTTP/1.1" 200 39542 "-" "msnbot/2.0b (+http://search.msn.com/msnbot.htm)"
65.55.213.73 - - [24/May/2025:04:34:59 +0000] "GET /blog/tags/open%20source HTTP/1.1" 200 10480 "-" "Mozilla/5.0 (compatible; Yahoo! Slurp; http://help.yahoo.com/help/us/ysearch/slurp)"
192.95.12.193 - - [24/May/2025:04:35:00 +0000] "GET /blog/tags/linux HTTP/1.1" 200 4879 "-" "Mozilla/5.0 (compatible; Yahoo! Slurp; http://help.yahoo.com/help/us/ysearch/slurp)"
65.55.213.74 - - [24/May/2025:04:35:01 +0000] "GET /blog/tags/open%20source HTTP/1.1" 200 8178 "-" "msnbot/2.0b (+http://search.msn.com/msnbot.htm)"
65.55.213.74 - - [24/May/2025:04:35:02 +0000] "GET /blog/tags/ruby HTTP/1.1" 200 32358 "-" "Mozilla/5.0 (compatible; Yahoo! Slurp; http://help.yahoo.com/help/us/ysearch/slurp)"
46.105.14.53 - - [24/May/2025:04:35:03 +0000] "GET /about/ HTTP/1.1" 200 35653 "-" "msnbot/2.0b (+http://search.msn.com/msnbot.htm)"
65.55.213.74 - - [24/May/2025:04:35:04 +0000] "GET /blog/tags/sysadmin HTTP/1.1" 200 9056 "-" "msnbot/2.0b (+http://search.msn.com/msnbot.htm)"
192.95.12.193 - - [24/May/2025:04:35:05 +0000] "GET /about/ HTTP/1.1" 200 16743 "-" "msnbot/2.0b (+http://search.msn.com/msnbot.htm)"
65.55.213.74 - - [24/May/2025:04:35:06 +0000] "GET /blog/tags/log HTTP/1.1" 200 20951 "-" "Mozilla/5.0 (compatible; Yahoo! Slurp; http://help.yahoo.com/help/us/ysearch/slurp)"
46.105.14.53 - - [24/May/2025:04:35:07 +0000] "GET /about/ HTTP/1.1" 200 22830 "-" "Mozilla/5.0 (compatible; special_archiver/3.1.1 +http://www.archive.org/details/archive.org_bot)"
68.180.224.225 - - [24/May/2025:04:35:08 +0000] "GET /blog/tags/sysadmin HTTP/1.1" 200 19537 "-" "Mozilla/5.0 (compatible; Yahoo! Slurp; http://help.yahoo.com/help/us/ysearch/slurp)"
68.180.224.225 - - [24/May/2025:04:35:09 +0000] "GET /blog/geekery/installing-windows-8-consumer-preview.html HTTP/1.1" 200 14623 "-" "Mozilla/5.0 (compatible; Yahoo! Slurp; http://help.yahoo.com/help/us/ysearch/slurp)"
68.180.224.225 - - [24/May/2025:04:35:10 +0000] "GET /blog/tags/sysadmin HTTP/1.1" 200 26284 "-" "msnbot/2.0b (+http://search.msn.com/msnbot.htm)"
217.212.224.181 - - [24/May/2025:04:35:11 +0000] "GET /blog/tags/open%20source HTTP/1.1" 200 6315 "-" "psbot/0.1 (+http://www.picsearch.com/bot.html)"
65.55.213.74 - - [24/May/2025:04:35:12 +0000] "GET /blog/geekery/installing-windows-8-consumer-preview.html HTTP/1.1" 200 8900 "-" "msnbot/2.0b (+http://search.msn.com/msnbot.htm)"
207.241.237.227 - - [24/May/2025:04:35:13 +0000] "GET /blog/tags/log HTTP/1.1" 200 21519 "-" "Mozilla/5.0 (compatible; special_archiver/3.1.1 +http://www.archive.org/details/archive.org_bot)"
46.105.14.53 - - [24/May/2025:04:35:14 +0000] "GET /blog/tags/ruby HTTP/1.1" 200 31011 "-" "Mozilla/5.0 (compatible; Yahoo! Slurp; http://help.yahoo.com/help/us/ysearch/slurp)"
46.105.14.53 - - [24/May/2025:04:35:15 +0000] "GET /blog/tags/ipcp HTTP/1.1" 200 29475 "-" "UniversalFeedParser/4.2-pre-314-svn +http://feedparser.org/"
217.212.224.181 - - [24/May/2025:04:35:16 +0000] "GET /blog/tags/log HTTP/1.1" 200 30626 "-" "Mozilla/5.0 (compatible; special_archiver/3.1.1 +http://www.archive.org/details/archive.org_bot)"
217.212.224.181 - - [24/May/2025:04:35:17 +0000] "GET /about/ HTTP/1.1" 200 6924 "-" "Mozilla/5.0 (compatible; special_archiver/3.1.1 +http://www.archive.org/details/archive.org_bot)"
192.95.12.193 - - [24/May/2025:04:35:18 +0000] "GET /blog/tags/ruby HTTP/1.1" 200 38388 "-" "UniversalFeedParser/4.2-pre-314-svn +http://feedparser.org/"
207.241.237.227 - - [24/May/2025:04:35:19 +0000] "GET /blog/tags/ipcp HTTP/1.1" 200 16990 "-" "Mozilla/5.0 (compatible; Yahoo! Slurp; http://help.yahoo.com/help/us/ysearch/slurp)"
192.95.12.193 - - [24/May/2025:04:35:20 +0000] "GET /blog/tags/log HTTP/1.1" 200 37794 "-" "psbot/0.1 (+http://www.picsearch.com/bot.html)"
65.55.213.73 - - [24/May/2025:04:35:21 +0000] "GET /blog/tags/linux HTTP/1.1" 200 9387 "-" "UniversalFeedParser/4.2-pre-314-svn +http://feedparser.org/"
68.180.224.225 - - [24/May/2025:04:35:22 +0000] "GET /blog/tags/log HTTP/1.1" 200 36925 "-" "psbot/0.1 (+http://www.picsearch.com/bot.html)"
192.95.12.193 - - [24/May/2025:04:35:23 +0000] "GET /about/ HTTP/1.1" 200 1321 "-" "psbot/0.1 (+http://www.picsearch.com/bot.html)"
207.241.237.227 - - [24/May/2025:04:35:24 +0000] "GET /blog/tags/ruby HTTP/1.1" 200 17402 "-" "UniversalFeedParser/4.2-pre-314-svn +http://feedparser.org/"
192.95.12.193 - - [24/May/2025:04:35:25 +0000] "GET /blog/tags/ruby HTTP/1.1" 200 3206 "-" "msnbot/2.0b (+http://search.msn.com/msnbot.htm)"
207.241.237.227 - - [24/May/2025:04:35:26 +0000] "GET /about/ HTTP/1.1" 200 19848 "-" "psbot/0.1 (+http://www.picsearch.com/bot.html)"
207.241.237.227 - - [24/May/2025:04:35:27 +0000] "GET /blog/geekery/installing-windows-8-consumer-preview.html HTTP/1.1" 200 10694 "-" "psbot/0.1 (+http://www.picsearch.com/bot.html)"
217.212.224.181 - - [24/May/2025:04:35:28 +0000] "GET /blog/geekery/installing-windows-8-consumer-preview.html HTTP/1.1" 200 33406 "-" "psbot/0.1 (+http://www.picsearch.com/bot.html)"
217.212.224.181 - - [24/May/2025:04:35:29 +0000] "GET /blog/tags/ruby HTTP/1.1" 200 23217 "-" "psbot/0.1 (+http://www.picsearch.com/bot.html)"
192.95.12.193 - - [24/May/2025:04:35:30 +0000] "GET /about/ HTTP/1.1" 200 5010 "-" "msnbot/2.0b (+http://search.msn.com/msnbot.htm)"
68.180.224.225 - - [24/May/2025:04:35:31 +0000] "GET /blog/tags/ipcp HTTP/1.1" 200 31468 "-" "Mozilla/5.0 (compatible; Yahoo! Slurp; http://help.yahoo.com/help/us/ysearch/slurp)"
68.180.224.225 - - [24/May/2025:04:35:32 +0000] "GET /blog/tags/sysadmin HTTP/1.1" 200 14310 "-" "UniversalFeedParser/4.2-pre-314-svn +http://feedparser.org/"
46.105.14.53 - - [24/May/2025:04:35:33 +0000] "GET /blog/tags/open%20source HTTP/1.1" 200 14140 "-" "Mozilla/5.0 (compatible; special_archiver/3.1.1 +http://www.archive.org/details/archive.org_bot)"
65.55.213.74 - - [24/May/2025:04:35:34 +0000] "GET /blog/tags/open%20source HTTP/1.1" 200 23154 "-" "Mozilla/5.0 (compatible; Yahoo! Slurp; http://help.yahoo.com/help/us/ysearch/slurp)"
65.55.213.73 - - [24/May/2025:04:35:35 +0000] "GET /blog/tags/linux HTTP/1.1" 200 6095 "-" "msnbot/2.0b (+http://search.msn.com/msnbot.htm)"
65.55.213.74 - - [24/May/2025:04:35:36 +0000] "GET /blog/tags/log HTTP/1.1" 200 35205 "-" "Mozilla/5.0 (compatible; special_archiver/3.1.1 +http://www.archive.org/details/archive.org_bot)"
192.95.12.193 - - [24/May/2025:04:35:37 +0000] "GET /blog/geekery/insist-on-better-asserts.html HTTP/1.1" 200 27879 "-" "UniversalFeedParser/4.2-pre-314-svn +http://feedparser.org/"
217.212.224.181 - - [24/May/2025:04:35:38 +0000] "GET /about/ HTTP/1.1" 200 1429 "-" "Mozilla/5.0 (compatible; special_archiver/3.1.1 +http://www.archive.org/details/archive.org_bot)"
207.241.237.227 - - [24/May/2025:04:35:39 +0000] "GET /blog/tags/log HTTP/1.1" 200 20886 "-" "UniversalFeedParser/4.2-pre-314-svn +http://feedparser.org/"
46.105.14.53 - - [24/May/2025:04:35:40 +0000] "GET /blog/tags/sysadmin HTTP/1.1" 200 36656 "-" "Mozilla/5.0 (compatible; special_archiver/3.1.1 +http://www.archive.org/details/archive.org_bot)"
217.212.224.181 - - [24/May/2025:04:35:41 +0000] "GET /about/ HTTP/1.1" 200 7445 "-" "Mozilla/5.0 (compatible; Yahoo! Slurp; http://help.yahoo.com/help/us/ysearch/slurp)"
68.180.224.225 - - [24/May/2025:04:35:42 +0000] "GET /blog/tags/log HTTP/1.1" 200 30270 "-" "Mozilla/5.0 (compatible; Yahoo! Slurp; http://help.yahoo.com/help/us/ysearch/slurp)"
207.241.237.227 - - [24/May/2025:04:35:43 +0000] "GET /blog/geekery/insist-on-better-asserts.html HTTP/1.1" 200 18052 "-" "psbot/0.1 (+http://www.picsearch.com/bot.html)"
46.105.14.53 - - [24/May/2025:04:35:44 +0000] "GET /blog/tags/open%20source HTTP/1.1" 200 22003 "-" "UniversalFeedParser/4.2-pre-314-svn +http://feedparser.org/"
46.105.14.53 - - [24/May/2025:04:35:45 +0000] "GET /blog/tags/linux HTTP/1.1" 200 3728 "-" "msnbot/2.0b (+http://search.msn.com/msnbot.htm)"
207.241.237.227 - - [24/May/2025:04:35:46 +0000] "GET /blog/tags/ipcp HTTP/1.1" 200 11947 "-" "Mozilla/5.0 (compatible; Yahoo! Slurp; http://help.yahoo.com/help/us/ysearch/slurp)"
207.241.237.227 - - [24/May/2025:04:35:47 +0000] "GET /blog/geekery/insist-on-better-asserts.html HTTP/1.1" 200 11761 "-" "psbot/0.1 (+http://www.picsearch.com/bot.html)"
192.95.12.193 - - [24/May/2025:04:35:48 +0000] "GET /blog/tags/ruby HTTP/1.1" 200 35859 "-" "Mozilla/5.0 (compatible; Yahoo! Slurp; http://help.yahoo.com/help/us/ysearch/slurp)"
46.105.14.53 - - [24/May/2025:04:35:49 +0000] "GET /blog/geekery/installing-windows-8-consumer-preview.html HTTP/1.1" 200 17870 "-" "UniversalFeedParser/4.2-pre-314-svn +http://feedparser.org/"
192.95.12.193 - - [24/May/2025:04:35:50 +0000] "GET /blog/tags/log HTTP/1.1" 200 11149 "-" "psbot/0.1 (+http://www.picsearch.com/bot.html)"
192.95.12.193 - - [24/May/2025:04:35:51 +0000] "GET /blog/geekery/insist-on-better-asserts.html HTTP/1.1" 200 15329 "-" "Mozilla/5.0 (compatible; Yahoo! Slurp; http://help.yahoo.com/help/us/ysearch/slurp)"
192.95.12.193 - - [24/May/2025:04:35:52 +0000] "GET /blog/tags/sysadmin HTTP/1.1" 200 18818 "-" "msnbot/2.0b (+http://search.msn.com/msnbot.htm)"
46.105.14.53 - - [24/May/2025:04:35:53 +0000] "GET /blog/tags/open%20source HTTP/1.1" 200 13219 "-" "Mozilla/5.0 (compatible; special_archiver/3.1.1 +http://www.archive.org/details/archive.org_bot)"
68.180.224.225 - - [24/May/2025:04:35:54 +0000] "GET /about/ HTTP/1.1" 200 20596 "-" "psbot/0.1 (+http://www.picsearch.com/bot.html)"
192.95.12.193 - - [24/May/2025:04:35:55 +0000] "GET /blog/geekery/installing-windows-8-consumer-preview.html HTTP/1.1" 200 25433 "-" "Mozilla/5.0 (compatible; Yahoo! Slurp; http://help.yahoo.com/help/us/ysearch/slurp)"
192.95.12.193 - - [24/May/2025:04:35:56 +0000] "GET /blog/tags/sysadmin HTTP/1.1" 200 1506 "-" "UniversalFeedParser/4.2-pre-314-svn +http://feedparser.org/"
65.55.213.73 - - [24/May/2025:04:35:57 +0000] "GET /blog/geekery/insist-on-better-asserts.html HTTP/1.1" 200 23709 "-" "Mozilla/5.0 (compatible; Yahoo! Slurp; http://help.yahoo.com/help/us/ysearch/slurp)"
217.212.224.181 - - [24/May/2025:04:35:58 +0000] "GET /about/ HTTP/1.1" 200 6248 "-" "UniversalFeedParser/4.2-pre-314-svn +http://feedparser.org/"
68.180.224.225 - - [24/May/2025:04:35:59 +0000] "GET /blog/tags/ipcp HTTP/1.1" 200 28884 "-" "Mozilla/5.0 (compatible; special_archiver/3.1.1 +http://www.archive.org/details/archive.org_bot)"
217.212.224.181 - - [24/May/2025:04:36:00 +0000] "GET /blog/tags/ruby HTTP/1.1" 200 29078 "-" "msnbot/2.0b (+http://search.msn.com/msnbot.htm)"
207.241.237.227 - - [24/May/2025:04:36:01 +0000] "GET /blog/tags/sysadmin HTTP/1.1" 200 29841 "-" "psbot/0.1 (+http://www.picsearch.com/bot.html)"
192.95.12.193 - - [24/May/2025:04:36:02 +0000] "GET /blog/tags/sysadmin HTTP/1.1" 200 26154 "-" "Mozilla/5.0 (compatible; special_archiver/3.1.1 +http://www.archive.org/details/archive.org_bot)"
217.212.224.181 - - [24/May/2025:04:36:03 +0000] "GET /blog/tags/log HTTP/1.1" 200 26162 "-" "msnbot/2.0b (+http://search.msn.com/msnbot.htm)"
207.241.237.227 - - [24/May/2025:04:36:04 +0000] "GET /blog/tags/sysadmin HTTP/1.1" 200 9182 "-" "msnbot/2.0b (+http://search.msn.com/msnbot.htm)"
65.55.213.73 - - [24/May/2025:04:36:05 +0000] "GET /about/ HTTP/1.1" 200 31053 "-" "psbot/0.1 (+http://www.picsearch.com/bot.html)"
46.105.14.53 - - [24/May/2025:04:36:06 +0000] "GET /blog/tags/sysadmin HTTP/1.1" 200 5618 "-" "msnbot/2.0b (+http://search.msn.com/msnbot.htm)"
68.180.224.225 - - [24/May/2025:04:36:07 +0000] "GET /about/ HTTP/1.1" 200 2958 "-" "Mozilla/5.0 (compatible; Yahoo! Slurp; http://help.yahoo.com/help/us/ysearch/slurp)"
65.55.213.73 - - [24/May/2025:04:36:08 +0000] "GET /blog/tags/open%20source HTTP/1.1" 200 27914 "-" "msnbot/2.0b (+http://search.msn.com/msnbot.htm)"
207.241.237.227 - - [24/May/2025:04:36:09 +0000] "GET /blog/tags/linux HTTP/1.1" 200 5597 "-" "Mozilla/5.0 (compatible; Yahoo! Slurp; http://help.yahoo.com/help/us/ysearch/slurp)"
46.105.14.53 - - [24/May/2025:04:36:10 +0000] "GET /blog/geekery/installing-windows-8-consumer-preview.html HTTP/1.1" 200 25776 "-" "msnbot/2.0b (+http://search.msn.com/msnbot.htm)"
65.55.213.73 - - [24/May/2025:04:36:11 +0000] "GET /blog/tags/sysadmin HTTP/1.1" 200 14656 "-" "msnbot/2.0b (+http://search.msn.com/msnbot.htm)"
217.212.224.181 - - [24/May/2025:04:36:12 +0000] "GET /blog/tags/ipcp HTTP/1.1" 200 8813 "-" "Mozilla/5.0 (compatible; Yahoo! Slurp; http://help.yahoo.com/help/us/ysearch/slurp)"
65.55.213.73 - - [24/May/2025:04:36:13 +0000] "GET /blog/tags/sysadmin HTTP/1.1" 200 36912 "-" "Mozilla/5.0 (compatible; special_archiver/3.1.1 +http://www.archive.org/details/archive.org_bot)"
65.55.213.74 - - [24/May/2025:04:36:14 +0000] "GET /blog/tags/log HTTP/1.1" 200 5002 "-" "Mozilla/5.0 (compatible; special_archiver/3.1.1 +http://www.archive.org/details/archive.org_bot)"
68.180.224.225 - - [24/May/2025:04:36:15 +0000] "GET /about/ HTTP/1.1" 200 13155 "-" "psbot/0.1 (+http://www.picsearch.com/bot.html)"
46.105.14.53 - - [24/May/2025:04:36:16 +0000] "GET /blog/tags/open%20source HTTP/1.1" 200 13792 "-" "psbot/0.1 (+http://www.picsearch.com/bot.html)"
65.55.213.73 - - [24/May/2025:04:36:17 +0000] "GET /blog/tags/sysadmin HTTP/1.1" 200 34093 "-" "psbot/0.1 (+http://www.picsearch.com/bot.html)"
46.105.14.53 - - [24/May/2025:04:36:18 +0000] "GET /about/ HTTP/1.1" 200 13581 "-" "psbot/0.1 (+http://www.picsearch.com/bot.html)"
68.180.224.225 - - [24/May/2025:04:36:19 +0000] "GET /blog/tags/ruby HTTP/1.1" 200 38611 "-" "psbot/0.1 (+http://www.picsearch.com/bot.html)"
68.180.224.225 - - [24/May/2025:04:36:20 +0000] "GET /blog/tags/ruby HTTP/1.1" 200 21409 "-" "psbot/0.1 (+http://www.picsearch.com/bot.html)"
68.180.224.225 - - [24/May/2025:04:36:21 +0000] "GET /blog/tags/log HTTP/1.1" 200 24284 "-" "Mozilla/5.0 (compatible; special_archiver/3.1.1 +http://www.archive.org/details/archive.org_bot)"
65.55.213.73 - - [24/May/2025:04:36:22 +0000] "GET /blog/tags/sysadmin HTTP/1.1" 200 27382 "-" "Mozilla/5.0 (compatible; Yahoo! Slurp; http://help.yahoo.com/help/us/ysearch/slurp)"
207.241.237.227 - - [24/May/2025:04:36:23 +0000] "GET /blog/geekery/insist-on-better-asserts.html HTTP/1.1" 200 12137 "-" "Mozilla/5.0 (compatible; special_archiver/3.1.1 +http://www.archive.org/details/archive.org_bot)"
65.55.213.74 - - [24/May/2025:04:36:24 +0000] "GET /blog/geekery/insist-on-better-asserts.html HTTP/1.1" 200 34071 "-" "psbot/0.1 (+http://www.picsearch.com/bot.html)"
217.212.224.181 - - [24/May/2025:04:36:25 +0000] "GET /blog/tags/linux HTTP/1.1" 200 18163 "-" "psbot/0.1 (+http://www.picsearch.com/bot.html)"
192.95.12.193 - - [24/May/2025:04:36:26 +0000] "GET /blog/tags/linux HTTP/1.1" 200 10759 "-" "psbot/0.1 (+http://www.picsearch.com/bot.html)"
192.95.12.193 - - [24/May/2025:04:36:27 +0000] "GET /blog/geekery/installing-windows-8-consumer-preview.html HTTP/1.1" 200 30896 "-" "psbot/0.1 (+http://www.picsearch.com/bot.html)"
192.95.12.193 - - [24/May/2025:04:36:28 +0000] "GET /blog/tags/sysadmin HTTP/1.1" 200 7551 "-" "Mozilla/5.0 (compatible; Yahoo! Slurp; http://help.yahoo.com/help/us/ysearch/slurp)"
192.95.12.193 - - [24/May/2025:04:36:29 +0000] "GET /blog/tags/ipcp HTTP/1.1" 200 28138 "-" "UniversalFeedParser/4.2-pre-314-svn +http://feedparser.org/"
217.212.224.181 - - [24/May/2025:04:36:30 +0000] "GET /blog/tags/log HTTP/1.1" 200 3936 "-" "Mozilla/5.0 (compatible; special_archiver/3.1.1 +http://www.archive.org/details/archive.org_bot)"
46.105.14.53 - - [24/May/2025:04:36:31 +0000] "GET /blog/tags/log HTTP/1.1" 200 37514 "-" "msnbot/2.0b (+http://search.msn.com/msnbot.htm)"
207.241.237.227 - - [24/May/2025:04:36:32 +0000] "GET /blog/tags/log HTTP/1.1" 200 3502 "-" "psbot/0.1 (+http://www.picsearch.com/bot.html)"
192.95.12.193 - - [24/May/2025:04:36:33 +0000] "GET /blog/tags/log HTTP/1.1" 200 39177 "-" "psbot/0.1 (+http://www.picsearch.com/bot.html)"
192.95.12.193 - - [24/May/2025:04:36:34 +0000] "GET /blog/tags/ruby HTTP/1.1" 200 20312 "-" "msnbot/2.0b (+http://search.msn.com/msnbot.htm)"
68.180.224.225 - - [24/May/2025:04:36:35 +0000] "GET /about/ HTTP/1.1" 200 8619 "-" "Mozilla/5.0 (compatible; Yahoo! Slurp; http://help.yahoo.com/help/us/ysearch/slurp)"
217.212.224.181 - - [24/May/2025:04:36:36 +0000] "GET /blog/geekery/installing-windows-8-consumer-preview.html HTTP/1.1" 200 38833 "-" "Mozilla/5.0 (compatible; Yahoo! Slurp; http://help.yahoo.com/help/us/ysearch/slurp)"
68.180.224.225 - - [24/May/2025:04:36:37 +0000] "GET /blog/tags/ipcp HTTP/1.1" 200 17705 "-" "Mozilla/5.0 (compatible; Yahoo! Slurp; http://help.yahoo.com/help/us/ysearch/slurp)"
217.212.224.181 - - [24/May/2025:04:36:38 +0000] "GET /about/ HTTP/1.1" 200 31080 "-" "psbot/0.1 (+http://www.picsearch.com/bot.html)"
68.180.224.225 - - [24/May/2025:04:36:39 +0000] "GET /about/ HTTP/1.1" 200 9023 "-" "psbot/0.1 (+http://www.picsearch.com/bot.html)"
65.55.213.73 - - [24/May/2025:04:36:40 +0000] "GET /blog/tags/ruby HTTP/1.1" 200 25326 "-" "Mozilla/5.0 (compatible; special_archiver/3.1.1 +http://www.archive.org/details/archive.org_bot)"
65.55.213.74 - - [24/May/2025:04:36:41 +0000] "GET /blog/tags/linux HTTP/1.1" 200 33268 "-" "Mozilla/5.0 (compatible; special_archiver/3.1.1 +http://www.archive.org/details/archive.org_bot)"
217.212.224.181 - - [24/May/2025:04:36:42 +0000] "GET /blog/tags/sysadmin HTTP/1.1" 200 8447 "-" "psbot/0.1 (+http://www.picsearch.com/bot.html)"
65.55.213.73 - - [24/May/2025:04:36:43 +0000] "GET /blog/tags/log HTTP/1.1" 200 23425 "-" "msnbot/2.0b (+http://search.msn.com/msnbot.htm)"
46.105.14.53 - - [24/May/2025:04:36:44 +0000] "GET /blog/geekery/insist-on-better-asserts.html HTTP/1.1" 200 16063 "-" "msnbot/2.0b (+http://search.msn.com/msnbot.htm)"
46.105.14.53 - - [24/May/2025:04:36:45 +0000] "GET /blog/tags/ruby HTTP/1.1" 200 12376 "-" "UniversalFeedParser/4.2-pre-314-svn +http://feedparser.org/"
217.212.224.181 - - [24/May/2025:04:36:46 +0000] "GET /blog/tags/linux HTTP/1.1" 200 36628 "-" "UniversalFeedParser/4.2-pre-314-svn +http://feedparser.org/"
68.180.224.225 - - [24/May/2025:04:36:47 +0000] "GET /blog/tags/sysadmin HTTP/1.1" 200 24944 "-" "UniversalFeedParser/4.2-pre-314-svn +http://feedparser.org/"
46.105.14.53 - - [24/May/2025:04:36:48 +0000] "GET /blog/tags/log HTTP/1.1" 200 20886 "-" "UniversalFeedParser/4.2-pre-314-svn +http://feedparser.org/"
68.180.224.225 - - [24/May/2025:04:36:49 +0000] "GET /blog/tags/log HTTP/1.1" 200 30374 "-" "Mozilla/5.0 (compatible; Yahoo! Slurp; http://help.yahoo.com/help/us/ysearch/slurp)"
217.212.224.181 - - [24/May/2025:04:36:50 +0000] "GET /blog/tags/ipcp HTTP/1.1" 200 25029 "-" "Mozilla/5.0 (compatible; Yahoo! Slurp; http://help.yahoo.com/help/us/ysearch/slurp)"
65.55.213.73 - - [24/May/2025:04:36:51 +0000] "GET /about/ HTTP/1.1" 200 35110 "-" "psbot/0.1 (+http://www.picsearch.com/bot.html)"
192.95.12.193 - - [24/May/2025:04:36:52 +0000] "GET /blog/tags/sysadmin HTTP/1.1" 200 22653 "-" "psbot/0.1 (+http://www.picsearch.com/bot.html)"
217.212.224.181 - - [24/May/2025:04:36:53 +0000] "GET /blog/tags/linux HTTP/1.1" 200 11090 "-" "Mozilla/5.0 (compatible; special_archiver/3.1.1 +http://www.archive.org/details/archive.org_bot)"
217.212.224.181 - - [24/May/2025:04:36:54 +0000] "GET /blog/tags/ipcp HTTP/1.1" 200 31398 "-" "msnbot/2.0b (+http://search.msn.com/msnbot.htm)"
68.180.224.225 - - [24/May/2025:04:36:55 +0000] "GET /blog/geekery/installing-windows-8-consumer-preview.html HTTP/1.1" 200 39767 "-" "Mozilla/5.0 (compatible; Yahoo! Slurp; http://help.yahoo.com/help/us/ysearch/slurp)"
207.241.237.227 - - [24/May/2025:04:36:56 +0000] "GET /about/ HTTP/1.1" 200 28868 "-" "msnbot/2.0b (+http://search.msn.com/msnbot.htm)"
68.180.224.225 - - [24/May/2025:04:36:57 +0000] "GET /blog/geekery/installing-windows-8-consumer-preview.html HTTP/1.1" 200 11057 "-" "Mozilla/5.0 (compatible; Yahoo! Slurp; http://help.yahoo.com/help/us/ysearch/slurp)"
46.105.14.53 - - [24/May/2025:04:36:58 +0000] "GET /blog/tags/linux HTTP/1.1" 200 9047 "-" "msnbot/2.0b (+http://search.msn.com/msnbot.htm)"
65.55.213.73 - - [24/May/2025:04:36:59 +0000] "GET /blog/tags/open%20source HTTP/1.1" 200 35979 "-" "Mozilla/5.0 (compatible; Yahoo! Slurp; http://help.yahoo.com/help/us/ysearch/slurp)"
65.55.213.74 - - [24/May/2025:04:37:00 +0000] "GET /blog/tags/linux HTTP/1.1" 200 23147 "-" "Mozilla/5.0 (compatible; special_archiver/3.1.1 +http://www.archive.org/details/archive.org_bot)"
207.241.237.227 - - [24/May/2025:04:37:01 +0000] "GET /blog/tags/ipcp HTTP/1.1" 200 17414 "-" "msnbot/2.0b (+http://search.msn.com/msnbot.htm)"
65.55.213.73 - - [24/May/2025:04:37:02 +0000] "GET /blog/tags/linux HTTP/1.1" 200 5341 "-" "Mozilla/5.0 (compatible; special_archiver/3.1.1 +http://www.archive.org/details/archive.org_bot)"
65.55.213.74 - - [24/May/2025:04:37:03 +0000] "GET /blog/tags/ipcp HTTP/1.1" 200 33574 "-" "Mozilla/5.0 (compatible; Yahoo! Slurp; http://help.yahoo.com/help/us/ysearch/slurp)"
192.95.12.193 - - [24/May/2025:04:37:04 +0000] "GET /blog/geekery/installing-windows-8-consumer-preview.html HTTP/1.1" 200 29715 "-" "psbot/0.1 (+http://www.picsearch.com/bot.html)"
65.55.213.73 - - [24/May/2025:04:37:05 +0000] "GET /blog/tags/ruby HTTP/1.1" 200 1977 "-" "msnbot/2.0b (+http://search.msn.com/msnbot.htm)"
192.95.12.193 - - [24/May/2025:04:37:06 +0000] "GET /blog/tags/linux HTTP/1.1" 200 33684 "-" "psbot/0.1 (+http://www.picsearch.com/bot.html)"
65.55.213.73 - - [24/May/2025:04:37:07 +0000] "GET /blog/tags/ruby HTTP/1.1" 200 34640 "-" "Mozilla/5.0 (compatible; Yahoo! Slurp; http://help.yahoo.com/help/us/ysearch/slurp)"
192.95.12.193 - - [24/May/2025:04:37:08 +0000] "GET /blog/tags/ruby HTTP/1.1" 200 20241 "-" "Mozilla/5.0 (compatible; Yahoo! Slurp; http://help.yahoo.com/help/us/ysearch/slurp)"
46.105.14.53 - - [24/May/2025:04:37:09 +0000] "GET /blog/tags/sysadmin HTTP/1.1" 200 39180 "-" "UniversalFeedParser/4.2-pre-314-svn +http://feedparser.org/"
65.55.213.74 - - [24/May/2025:04:37:10 +0000] "GET /blog/tags/sysadmin HTTP/1.1" 200 4825 "-" "Mozilla/5.0 (compatible; special_archiver/3.1.1 +http://www.archive.org/details/archive.org_bot)"
46.105.14.53 - - [24/May/2025:04:37:11 +0000] "GET /blog/tags/linux HTTP/1.1" 200 30247 "-" "Mozilla/5.0 (compatible; Yahoo! Slurp; http://help.yahoo.com/help/us/ysearch/slurp)"
65.55.213.74 - - [24/May/2025:04:37:12 +0000] "GET /blog/geekery/insist-on-better-asserts.html HTTP/1.1" 200 17909 "-" "msnbot/2.0b (+http://search.msn.com/msnbot.htm)"
207.241.237.227 - - [24/May/2025:04:37:13 +0000] "GET /blog/tags/ruby HTTP/1.1" 200 34547 "-" "UniversalFeedParser/4.2-pre-314-svn +http://feedparser.org/"
68.180.224.225 - - [24/May/2025:04:37:14 +0000] "GET /about/ HTTP/1.1" 200 2667 "-" "Mozilla/5.0 (compatible; Yahoo! Slurp; http://help.yahoo.com/help/us/ysearch/slurp)"
65.55.213.73 - - [24/May/2025:04:37:15 +0000] "GET /blog/tags/ipcp HTTP/1.1" 200 24473 "-" "psbot/0.1 (+http://www.picsearch.com/bot.html)"
65.55.213.73 - - [24/May/2025:04:37:16 +0000] "GET /blog/tags/ruby HTTP/1.1" 200 3720 "-" "psbot/0.1 (+http://www.picsearch.com/bot.html)"
46.105.14.53 - - [24/May/2025:04:37:17 +0000] "GET /blog/tags/log HTTP/1.1" 200 15789 "-" "UniversalFeedParser/4.2-pre-314-svn +http://feedparser.org/"
46.105.14.53 - - [24/May/2025:04:37:18 +0000] "GET /blog/geekery/installing-windows-8-consumer-preview.html HTTP/1.1" 200 33461 "-" "psbot/0.1 (+http://www.picsearch.com/bot.html)"
65.55.213.74 - - [24/May/2025:04:37:19 +0000] "GET /blog/geekery/insist-on-better-asserts.html HTTP/1.1" 200 37899 "-" "msnbot/2.0b (+http://search.msn.com/msnbot.htm)"
65.55.213.74 - - [24/May/2025:04:37:20 +0000] "GET /blog/tags/linux HTTP/1.1" 200 33216 "-" "Mozilla/5.0 (compatible; special_archiver/3.1.1 +http://www.archive.org/details/archive.org_bot)"
68.180.224.225 - - [24/May/2025:04:37:21 +0000] "GET /blog/geekery/insist-on-better-asserts.html HTTP/1.1" 200 34396 "-" "UniversalFeedParser/4.2-pre-314-svn +http://feedparser.org/"
46.105.14.53 - - [24/May/2025:04:37:22 +0000] "GET /blog/tags/open%20source HTTP/1.1" 200 26213 "-" "Mozilla/5.0 (compatible; Yahoo! Slurp; http://help.yahoo.com/help/us/ysearch/slurp)"
217.212.224.181 - - [24/May/2025:04:37:23 +0000] "GET /blog/tags/linux HTTP/1.1" 200 16194 "-" "msnbot/2.0b (+http://search.msn.com/msnbot.htm)"
65.55.213.73 - - [24/May/2025:04:37:24 +0000] "GET /blog/geekery/installing-windows-8-consumer-preview.html HTTP/1.1" 200 14358 "-" "Mozilla/5.0 (compatible; Yahoo! Slurp; http://help.yahoo.com/help/us/ysearch/slurp)"
46.105.14.53 - - [24/May/2025:04:37:25 +0000] "GET /blog/tags/ipcp HTTP/1.1" 200 26395 "-" "Mozilla/5.0 (compatible; Yahoo! Slurp; http://help.yahoo.com/help/us/ysearch/slurp)"
46.105.14.53 - - [24/May/2025:04:37:26 +0000] "GET /blog/tags/open%20source HTTP/1.1" 200 20094 "-" "Mozilla/5.0 (compatible; Yahoo! Slurp; http://help.yahoo.com/help/us/ysearch/slurp)"
217.212.224.181 - - [24/May/2025:04:37:27 +0000] "GET /about/ HTTP/1.1" 200 15167 "-" "Mozilla/5.0 (compatible; special_archiver/3.1.1 +http://www.archive.org/details/archive.org_bot)"
68.180.224.225 - - [24/May/2025:04:37:28 +0000] "GET /blog/geekery/installing-windows-8-consumer-preview.html HTTP/1.1" 200 1481 "-" "UniversalFeedParser/4.2-pre-314-svn +http://feedparser.org/"
65.55.213.74 - - [24/May/2025:04:37:29 +0000] "GET /blog/tags/open%20source HTTP/1.1" 200 33017 "-" "UniversalFeedParser/4.2-pre-314-svn +http://feedparser.org/"
217.212.224.181 - - [24/May/2025:04:37:30 +0000] "GET /blog/tags/linux HTTP/1.1" 200 31233 "-" "msnbot/2.0b (+http://search.msn.com/msnbot.htm)"
207.241.237.227 - - [24/May/2025:04:37:31 +0000] "GET /about/ HTTP/1.1" 200 16188 "-" "Mozilla/5.0 (compatible; special_archiver/3.1.1 +http://www.archive.org/details/archive.org_bot)"
68.180.224.225 - - [24/May/2025:04:37:32 +0000] "GET /blog/tags/open%20source HTTP/1.1" 200 26257 "-" "Mozilla/5.0 (compatible; Yahoo! Slurp; http://help.yahoo.com/help/us/ysearch/slurp)"
192.95.12.193 - - [24/May/2025:04:37:33 +0000] "GET /blog/tags/log HTTP/1.1" 200 33491 "-" "msnbot/2.0b (+http://search.msn.com/msnbot.htm)"
68.180.224.225 - - [24/May/2025:04:37:34 +0000] "GET /blog/tags/linux HTTP/1.1" 200 39734 "-" "msnbot/2.0b (+http://search.msn.com/msnbot.htm)"
68.180.224.225 - - [24/May/2025:04:37:35 +0000] "GET /blog/tags/open%20source HTTP/1.1" 200 23349 "-" "msnbot/2.0b (+http://search.msn.com/msnbot.htm)"
65.55.213.73 - - [24/May/2025:04:37:36 +0000] "GET /blog/tags/ipcp HTTP/1.1" 200 33673 "-" "msnbot/2.0b (+http://search.msn.com/msnbot.htm)"
46.105.14.53 - - [24/May/2025:04:37:37 +0000] "GET /blog/tags/ruby HTTP/1.1" 200 29831 "-" "psbot/0.1 (+http://www.picsearch.com/bot.html)"
68.180.224.225 - - [24/May/2025:04:37:38 +0000] "GET /blog/tags/ruby HTTP/1.1" 200 1186 "-" "Mozilla/5.0 (compatible; Yahoo! Slurp; http://help.yahoo.com/help/us/ysearch/slurp)"
46.105.14.53 - - [24/May/2025:04:37:39 +0000] "GET /blog/tags/open%20source HTTP/1.1" 200 39395 "-" "Mozilla/5.0 (compatible; special_archiver/3.1.1 +http://www.archive.org/details/archive.org_bot)"
68.180.224.225 - - [24/May/2025:04:37:40 +0000] "GET /blog/tags/linux HTTP/1.1" 200 15829 "-" "Mozilla/5.0 (compatible; Yahoo! Slurp; http://help.yahoo.com/help/us/ysearch/slurp)"
65.55.213.74 - - [24/May/2025:04:37:41 +0000] "GET /blog/geekery/installing-windows-8-consumer-preview.html HTTP/1.1" 200 10473 "-" "Mozilla/5.0 (compatible; Yahoo! Slurp; http://help.yahoo.com/help/us/ysearch/slurp)"
65.55.213.73 - - [24/May/2025:04:37:42 +0000] "GET /blog/tags/log HTTP/1.1" 200 5347 "-" "msnbot/2.0b (+http://search.msn.com/msnbot.htm)"
65.55.213.74 - - [24/May/2025:04:37:43 +0000] "GET /blog/tags/sysadmin HTTP/1.1" 200 39153 "-" "msnbot/2.0b (+http://search.msn.com/msnbot.htm)"
65.55.213.73 - - [24/May/2025:04:37:44 +0000] "GET /blog/tags/ipcp HTTP/1.1" 200 30582 "-" "psbot/0.1 (+http://www.picsearch.com/bot.html)"
192.95.12.193 - - [24/May/2025:04:37:45 +0000] "GET /blog/geekery/insist-on-better-asserts.html HTTP/1.1" 200 15681 "-" "Mozilla/5.0 (compatible; Yahoo! Slurp; http://help.yahoo.com/help/us/ysearch/slurp)"
65.55.213.74 - - [24/May/2025:04:37:46 +0000] "GET /blog/tags/ruby HTTP/1.1" 200 26249 "-" "Mozilla/5.0 (compatible; Yahoo! Slurp; http://help.yahoo.com/help/us/ysearch/slurp)"
68.180.224.225 - - [24/May/2025:04:37:47 +0000] "GET /about/ HTTP/1.1" 200 14767 "-" "Mozilla/5.0 (compatible; Yahoo! Slurp; http://help.yahoo.com/help/us/ysearch/slurp)"
65.55.213.74 - - [24/May/2025:04:37:48 +0000] "GET /blog/tags/ipcp HTTP/1.1" 200 8612 "-" "UniversalFeedParser/4.2-pre-314-svn +http://feedparser.org/"
65.55.213.73 - - [24/May/2025:04:37:49 +0000] "GET /about/ HTTP/1.1" 200 16510 "-" "psbot/0.1 (+http://www.picsearch.com/bot.html)"
192.95.12.193 - - [24/May/2025:04:37:50 +0000] "GET /about/ HTTP/1.1" 200 1492 "-" "UniversalFeedParser/4.2-pre-314-svn +http://feedparser.org/"
207.241.237.227 - - [24/May/2025:04:37:51 +0000] "GET /about/ HTTP/1.1" 200 36992 "-" "msnbot/2.0b (+http://search.msn.com/msnbot.htm)"
217.212.224.181 - - [24/May/2025:04:37:52 +0000] "GET /blog/tags/sysadmin HTTP/1.1" 200 33734 "-" "UniversalFeedParser/4.2-pre-314-svn +http://feedparser.org/"
68.180.224.225 - - [24/May/2025:04:37:53 +0000] "GET /blog/tags/linux HTTP/1.1" 200 14628 "-" "psbot/0.1 (+http://www.picsearch.com/bot.html)"
68.180.224.225 - - [24/May/2025:04:37:54 +0000] "GET /blog/geekery/insist-on-better-asserts.html HTTP/1.1" 200 16886 "-" "psbot/0.1 (+http://www.picsearch.com/bot.html)"
217.212.224.181 - - [24/May/2025:04:37:55 +0000] "GET /blog/geekery/installing-windows-8-consumer-preview.html HTTP/1.1" 200 22047 "-" "msnbot/2.0b (+http://search.msn.com/msnbot.htm)"
65.55.213.73 - - [24/May/2025:04:37:56 +0000] "GET /blog/tags/ipcp HTTP/1.1" 200 32507 "-" "UniversalFeedParser/4.2-pre-314-svn +http://feedparser.org/"
207.241.237.227 - - [24/May/2025:04:37:57 +0000] "GET /blog/tags/log HTTP/1.1" 200 24129 "-" "Mozilla/5.0 (compatible; special_archiver/3.1.1 +http://www.archive.org/details/archive.org_bot)"
65.55.213.73 - - [24/May/2025:04:37:58 +0000] "GET /about/ HTTP/1.1" 200 2353 "-" "psbot/0.1 (+http://www.picsearch.com/bot.html)"
68.180.224.225 - - [24/May/2025:04:37:59 +0000] "GET /about/ HTTP/1.1" 200 15744 "-" "psbot/0.1 (+http://www.picsearch.com/bot.html)"
207.241.237.227 - - [24/May/2025:04:38:00 +0000] "GET /blog/tags/linux HTTP/1.1" 200 18412 "-" "Mozilla/5.0 (compatible; special_archiver/3.1.1 +http://www.archive.org/details/archive.org_bot)"
207.241.237.227 - - [24/May/2025:04:38:01 +0000] "GET /blog/tags/ipcp HTTP/1.1" 200 18165 "-" "Mozilla/5.0 (compatible; Yahoo! Slurp; http://help.yahoo.com/help/us/ysearch/slurp)"
68.180.224.225 - - [24/May/2025:04:38:02 +0000] "GET /blog/tags/sysadmin HTTP/1.1" 200 39066 "-" "psbot/0.1 (+http://www.picsearch.com/bot.html)"
46.105.14.53 - - [24/May/2025:04:38:03 +0000] "GET /blog/geekery/installing-windows-8-consumer-preview.html HTTP/1.1" 200 11217 "-" "Mozilla/5.0 (compatible; Yahoo! Slurp; http://help.yahoo.com/help/us/ysearch/slurp)"
46.105.14.53 - - [24/May/2025:04:38:04 +0000] "GET /blog/tags/linux HTTP/1.1" 200 34812 "-" "psbot/0.1 (+http://www.picsearch.com/bot.html)"
65.55.213.74 - - [24/May/2025:04:38:05 +0000] "GET /about/ HTTP/1.1" 200 2381 "-" "Mozilla/5.0 (compatible; special_archiver/3.1.1 +http://www.archive.org/details/archive.org_bot)"
217.212.224.181 - - [24/May/2025:04:38:06 +0000] "GET /blog/tags/ruby HTTP/1.1" 200 23898 "-" "msnbot/2.0b (+http://search.msn.com/msnbot.htm)"
68.180.224.225 - - [24/May/2025:04:38:07 +0000] "GET /blog/geekery/insist-on-better-asserts.html HTTP/1.1" 200 31062 "-" "msnbot/2.0b (+http://search.msn.com/msnbot.htm)"
68.180.224.225 - - [24/May/2025:04:38:08 +0000] "GET /blog/geekery/insist-on-better-asserts.html HTTP/1.1" 200 34861 "-" "msnbot/2.0b (+http://search.msn.com/msnbot.htm)"
65.55.213.74 - - [24/May/2025:04:38:09 +0000] "GET /blog/tags/ruby HTTP/1.1" 200 10058 "-" "Mozilla/5.0 (compatible; special_archiver/3.1.1 +http://www.archive.org/details/archive.org_bot)"
65.55.213.73 - - [24/May/2025:04:38:10 +0000] "GET /blog/geekery/installing-windows-8-consumer-preview.html HTTP/1.1" 200 30793 "-" "Mozilla/5.0 (compatible; Yahoo! Slurp; http://help.yahoo.com/help/us/ysearch/slurp)"
46.105.14.53 - - [24/May/2025:04:38:11 +0000] "GET /blog/tags/ruby HTTP/1.1" 200 38885 "-" "Mozilla/5.0 (compatible; special_archiver/3.1.1 +http://www.archive.org/details/archive.org_bot)"
217.212.224.181 - - [24/May/2025:04:38:12 +0000] "GET /blog/tags/linux HTTP/1.1" 200 25034 "-" "Mozilla/5.0 (compatible; special_archiver/3.1.1 +http://www.archive.org/details/archive.org_bot)"
217.212.224.181 - - [24/May/2025:04:38:13 +0000] "GET /blog/tags/ruby HTTP/1.1" 200 14661 "-" "Mozilla/5.0 (compatible; special_archiver/3.1.1 +http://www.archive.org/details/archive.org_bot)"
68.180.224.225 - - [24/May/2025:04:38:14 +0000] "GET /blog/geekery/insist-on-better-asserts.html HTTP/1.1" 200 37871 "-" "Mozilla/5.0 (compatible; Yahoo! Slurp; http://help.yahoo.com/help/us/ysearch/slurp)"
207.241.237.227 - - [24/May/2025:04:38:15 +0000] "GET /blog/tags/ipcp HTTP/1.1" 200 29132 "-" "psbot/0.1 (+http://www.picsearch.com/bot.html)"
65.55.213.74 - - [24/May/2025:04:38:16 +0000] "GET /blog/tags/open%20source HTTP/1.1" 200 36474 "-" "Mozilla/5.0 (compatible; special_archiver/3.1.1 +http://www.archive.org/details/archive.org_bot)"
65.55.213.74 - - [24/May/2025:04:38:17 +0000] "GET /blog/geekery/insist-on-better-asserts.html HTTP/1.1" 200 3016 "-" "Mozilla/5.0 (compatible; Yahoo! Slurp; http://help.yahoo.com/help/us/ysearch/slurp)"
217.212.224.181 - - [24/May/2025:04:38:18 +0000] "GET /blog/tags/log HTTP/1.1" 200 25599 "-" "UniversalFeedParser/4.2-pre-314-svn +http://feedparser.org/"
192.95.12.193 - - [24/May/2025:04:38:19 +0000] "GET /about/ HTTP/1.1" 200 33962 "-" "Mozilla/5.0 (compatible; Yahoo! Slurp; http://help.yahoo.com/help/us/ysearch/slurp)"
192.95.12.193 - - [24/May/2025:04:38:20 +0000] "GET /blog/tags/sysadmin HTTP/1.1" 200 28721 "-" "msnbot/2.0b (+http://search.msn.com/msnbot.htm)"
192.95.12.193 - - [24/May/2025:04:38:21 +0000] "GET /blog/tags/log HTTP/1.1" 200 4660 "-" "Mozilla/5.0 (compatible; special_archiver/3.1.1 +http://www.archive.org/details/archive.org_bot)"
217.212.224.181 - - [24/May/2025:04:38:22 +0000] "GET /blog/geekery/installing-windows-8-consumer-preview.html HTTP/1.1" 200 24716 "-" "Mozilla/5.0 (compatible; Yahoo! Slurp; http://help.yahoo.com/help/us/ysearch/slurp)"
192.95.12.193 - - [24/May/2025:04:38:23 +0000] "GET /blog/tags/sysadmin HTTP/1.1" 200 35281 "-" "psbot/0.1 (+http://www.picsearch.com/bot.html)"
217.212.224.181 - - [24/May/2025:04:38:24 +0000] "GET /blog/tags/open%20source HTTP/1.1" 200 7918 "-" "psbot/0.1 (+http://www.picsearch.com/bot.html)"
68.180.224.225 - - [24/May/2025:04:38:25 +0000] "GET /blog/tags/open%20source HTTP/1.1" 200 20722 "-" "UniversalFeedParser/4.2-pre-314-svn +http://feedparser.org/"
217.212.224.181 - - [24/May/2025:04:38:26 +0000] "GET /blog/tags/sysadmin HTTP/1.1" 200 36847 "-" "msnbot/2.0b (+http://search.msn.com/msnbot.htm)"
192.95.12.193 - - [24/May/2025:04:38:27 +0000] "GET /blog/tags/sysadmin HTTP/1.1" 200 6045 "-" "Mozilla/5.0 (compatible; special_archiver/3.1.1 +http://www.archive.org/details/archive.org_bot)"
217.212.224.181 - - [24/May/2025:04:38:28 +0000] "GET /about/ HTTP/1.1" 200 18846 "-" "Mozilla/5.0 (compatible; Yahoo! Slurp; http://help.yahoo.com/help/us/ysearch/slurp)"
46.105.14.53 - - [24/May/2025:04:38:29 +0000] "GET /about/ HTTP/1.1" 200 35381 "-" "psbot/0.1 (+http://www.picsearch.com/bot.html)"
46.105.14.53 - - [24/May/2025:04:38:30 +0000] "GET /blog/tags/open%20source HTTP/1.1" 200 2130 "-" "Mozilla/5.0 (compatible; special_archiver/3.1.1 +http://www.archive.org/details/archive.org_bot)"
68.180.224.225 - - [24/May/2025:04:38:31 +0000] "GET /about/ HTTP/1.1" 200 3016 "-" "UniversalFeedParser/4.2-pre-314-svn +http://feedparser.org/"
65.55.213.74 - - [24/May/2025:04:38:32 +0000] "GET /about/ HTTP/1.1" 200 16093 "-" "Mozilla/5.0 (compatible; Yahoo! Slurp; http://help.yahoo.com/help/us/ysearch/slurp)"
65.55.213.73 - - [24/May/2025:04:38:33 +0000] "GET /blog/geekery/insist-on-better-asserts.html HTTP/1.1" 200 6630 "-" "UniversalFeedParser/4.2-pre-314-svn +http://feedparser.org/"
65.55.213.74 - - [24/May/2025:04:38:34 +0000] "GET /blog/geekery/installing-windows-8-consumer-preview.html HTTP/1.1" 200 34615 "-" "Mozilla/5.0 (compatible; special_archiver/3.1.1 +http://www.archive.org/details/archive.org_bot)"
65.55.213.73 - - [24/May/2025:04:38:35 +0000] "GET /blog/tags/log HTTP/1.1" 200 27314 "-" "psbot/0.1 (+http://www.picsearch.com/bot.html)"
46.105.14.53 - - [24/May/2025:04:38:36 +0000] "GET /blog/tags/linux HTTP/1.1" 200 26755 "-" "msnbot/2.0b (+http://search.msn.com/msnbot.htm)"
65.55.213.74 - - [24/May/2025:04:38:37 +0000] "GET /blog/tags/ipcp HTTP/1.1" 200 6351 "-" "psbot/0.1 (+http://www.picsearch.com/bot.html)"
192.95.12.193 - - [24/May/2025:04:38:38 +0000] "GET /blog/geekery/installing-windows-8-consumer-preview.html HTTP/1.1" 200 9154 "-" "Mozilla/5.0 (compatible; Yahoo! Slurp; http://help.yahoo.com/help/us/ysearch/slurp)"
68.180.224.225 - - [24/May/2025:04:38:39 +0000] "GET /blog/geekery/installing-windows-8-consumer-preview.html HTTP/1.1" 200 19052 "-" "Mozilla/5.0 (compatible; Yahoo! Slurp; http://help.yahoo.com/help/us/ysearch/slurp)"
192.95.12.193 - - [24/May/2025:04:38:40 +0000] "GET /blog/geekery/insist-on-better-asserts.html HTTP/1.1" 200 7471 "-" "psbot/0.1 (+http://www.picsearch.com/bot.html)"
68.180.224.225 - - [24/May/2025:04:38:41 +0000] "GET /blog/geekery/insist-on-better-asserts.html HTTP/1.1" 200 33356 "-" "Mozilla/5.0 (compatible; Yahoo! Slurp; http://help.yahoo.com/help/us/ysearch/slurp)"
65.55.213.73 - - [24/May/2025:04:38:42 +0000] "GET /blog/geekery/installing-windows-8-consumer-preview.html HTTP/1.1" 200 10225 "-" "Mozilla/5.0 (compatible; Yahoo! Slurp; http://help.yahoo.com/help/us/ysearch/slurp)"
217.212.224.181 - - [24/May/2025:04:38:43 +0000] "GET /blog/tags/log HTTP/1.1" 200 31558 "-" "msnbot/2.0b (+http://search.msn.com/msnbot.htm)"
65.55.213.74 - - [24/May/2025:04:38:44 +0000] "GET /blog/tags/ipcp HTTP/1.1" 200 37308 "-" "Mozilla/5.0 (compatible; Yahoo! Slurp; http://help.yahoo.com/help/us/ysearch/slurp)"
65.55.213.74 - - [24/May/2025:04:38:45 +0000] "GET /blog/geekery/insist-on-better-asserts.html HTTP/1.1" 200 18371 "-" "Mozilla/5.0 (compatible; special_archiver/3.1.1 +http://www.archive.org/details/archive.org_bot)"
65.55.213.73 - - [24/May/2025:04:38:46 +0000] "GET /blog/geekery/insist-on-better-asserts.html HTTP/1.1" 200 37211 "-" "Mozilla/5.0 (compatible; special_archiver/3.1.1 +http://www.archive.org/details/archive.org_bot)"
46.105.14.53 - - [24/May/2025:04:38:47 +0000] "GET /blog/geekery/insist-on-better-asserts.html HTTP/1.1" 200 9089 "-" "psbot/0.1 (+http://www.picsearch.com/bot.html)"
68.180.224.225 - - [24/May/2025:04:38:48 +0000] "GET /blog/tags/ruby HTTP/1.1" 200 13223 "-" "Mozilla/5.0 (compatible; Yahoo! Slurp; http://help.yahoo.com/help/us/ysearch/slurp)"
65.55.213.73 - - [24/May/2025:04:38:49 +0000] "GET /blog/tags/sysadmin HTTP/1.1" 200 26841 "-" "Mozilla/5.0 (compatible; Yahoo! Slurp; http://help.yahoo.com/help/us/ysearch/slurp)"
65.55.213.73 - - [24/May/2025:04:38:50 +0000] "GET /blog/tags/sysadmin HTTP/1.1" 200 27892 "-" "psbot/0.1 (+http://www.picsearch.com/bot.html)"
217.212.224.181 - - [24/May/2025:04:38:51 +0000] "GET /blog/tags/sysadmin HTTP/1.1" 200 20486 "-" "Mozilla/5.0 (compatible; Yahoo! Slurp; http://help.yahoo.com/help/us/ysearch/slurp)"
65.55.213.73 - - [24/May/2025:04:38:52 +0000] "GET /blog/tags/linux HTTP/1.1" 200 4543 "-" "Mozilla/5.0 (compatible; Yahoo! Slurp; http://help.yahoo.com/help/us/ysearch/slurp)"
217.212.224.181 - - [24/May/2025:04:38:53 +0000] "GET /blog/geekery/installing-windows-8-consumer-preview.html HTTP/1.1" 200 7128 "-" "psbot/0.1 (+http://www.picsearch.com/bot.html)"
217.212.224.181 - - [24/May/2025:04:38:54 +0000] "GET /blog/geekery/insist-on-better-asserts.html HTTP/1.1" 200 9608 "-" "msnbot/2.0b (+http://search.msn.com/msnbot.htm)"
192.95.12.193 - - [24/May/2025:04:38:55 +0000] "GET /blog/tags/sysadmin HTTP/1.1" 200 14755 "-" "psbot/0.1 (+http://www.picsearch.com/bot.html)"
46.105.14.53 - - [24/May/2025:04:38:56 +0000] "GET /about/ HTTP/1.1" 200 39411 "-" "Mozilla/5.0 (compatible; special_archiver/3.1.1 +http://www.archive.org/details/archive.org_bot)"
65.55.213.74 - - [24/May/2025:04:38:57 +0000] "GET /blog/tags/linux HTTP/1.1" 200 38978 "-" "Mozilla/5.0 (compatible; special_archiver/3.1.1 +http://www.archive.org/details/archive.org_bot)"
68.180.224.225 - - [24/May/2025:04:38:58 +0000] "GET /blog/tags/ruby HTTP/1.1" 200 12330 "-" "Mozilla/5.0 (compatible; Yahoo! Slurp; http://help.yahoo.com/help/us/ysearch/slurp)"
65.55.213.73 - - [24/May/2025:04:38:59 +0000] "GET /blog/tags/sysadmin HTTP/1.1" 200 32730 "-" "psbot/0.1 (+http://www.picsearch.com/bot.html)"
192.95.12.193 - - [24/May/2025:04:39:00 +0000] "GET /blog/tags/ruby HTTP/1.1" 200 23271 "-" "Mozilla/5.0 (compatible; Yahoo! Slurp; http://help.yahoo.com/help/us/ysearch/slurp)"
207.241.237.227 - - [24/May/2025:04:39:01 +0000] "GET /blog/geekery/installing-windows-8-consumer-preview.html HTTP/1.1" 200 30385 "-" "Mozilla/5.0 (compatible; Yahoo! Slurp; http://help.yahoo.com/help/us/ysearch/slurp)"
207.241.237.227 - - [24/May/2025:04:39:02 +0000] "GET /about/ HTTP/1.1" 200 35159 "-" "Mozilla/5.0 (compatible; special_archiver/3.1.1 +http://www.archive.org/details/archive.org_bot)"
207.241.237.227 - - [24/May/2025:04:39:03 +0000] "GET /blog/tags/log HTTP/1.1" 200 36266 "-" "Mozilla/5.0 (compatible; special_archiver/3.1.1 +http://www.archive.org/details/archive.org_bot)"
46.105.14.53 - - [24/May/2025:04:39:04 +0000] "GET /blog/tags/linux HTTP/1.1" 200 5422 "-" "Mozilla/5.0 (compatible; special_archiver/3.1.1 +http://www.archive.org/details/archive.org_bot)"
65.55.213.74 - - [24/May/2025:04:39:05 +0000] "GET /blog/tags/open%20source HTTP/1.1" 200 29551 "-" "psbot/0.1 (+http://www.picsearch.com/bot.html)"
217.212.224.181 - - [24/May/2025:04:39:06 +0000] "GET /blog/tags/log HTTP/1.1" 200 36661 "-" "Mozilla/5.0 (compatible; Yahoo! Slurp; http://help.yahoo.com/help/us/ysearch/slurp)"
68.180.224.225 - - [24/May/2025:04:39:07 +0000] "GET /blog/geekery/installing-windows-8-consumer-preview.html HTTP/1.1" 200 28860 "-" "UniversalFeedParser/4.2-pre-314-svn +http://feedparser.org/"
65.55.213.74 - - [24/May/2025:04:39:08 +0000] "GET /blog/geekery/insist-on-better-asserts.html HTTP/1.1" 200 8036 "-" "Mozilla/5.0 (compatible; Yahoo! Slurp; http://help.yahoo.com/help/us/ysearch/slurp)"
65.55.213.73 - - [24/May/2025:04:39:09 +0000] "GET /blog/tags/ipcp HTTP/1.1" 200 25384 "-" "msnbot/2.0b (+http://search.msn.com/msnbot.htm)"
68.180.224.225 - - [24/May/2025:04:39:10 +0000] "GET /blog/tags/open%20source HTTP/1.1" 200 38409 "-" "Mozilla/5.0 (compatible; special_archiver/3.1.1 +http://www.archive.org/details/archive.org_bot)"
192.95.12.193 - - [24/May/2025:04:39:11 +0000] "GET /blog/tags/ipcp HTTP/1.1" 200 24717 "-" "Mozilla/5.0 (compatible; Yahoo! Slurp; http://help.yahoo.com/help/us/ysearch/slurp)"
207.241.237.227 - - [24/May/2025:04:39:12 +0000] "GET /blog/geekery/installing-windows-8-consumer-preview.html HTTP/1.1" 200 11944 "-" "Mozilla/5.0 (compatible; special_archiver/3.1.1 +http://www.archive.org/details/archive.org_bot)"
65.55.213.73 - - [24/May/2025:04:39:13 +0000] "GET /blog/geekery/insist-on-better-asserts.html HTTP/1.1" 200 34594 "-" "psbot/0.1 (+http://www.picsearch.com/bot.html)"
65.55.213.73 - - [24/May/2025:04:39:14 +0000] "GET /blog/tags/linux HTTP/1.1" 200 8708 "-" "UniversalFeedParser/4.2-pre-314-svn +http://feedparser.org/"
65.55.213.74 - - [24/May/2025:04:39:15 +0000] "GET /blog/tags/ruby HTTP/1.1" 200 9786 "-" "msnbot/2.0b (+http://search.msn.com/msnbot.htm)"
207.241.237.227 - - [24/May/2025:04:39:16 +0000] "GET /blog/tags/sysadmin HTTP/1.1" 200 14340 "-" "psbot/0.1 (+http://www.picsearch.com/bot.html)"
65.55.213.73 - - [24/May/2025:04:39:17 +0000] "GET /blog/geekery/insist-on-better-asserts.html HTTP/1.1" 200 32633 "-" "Mozilla/5.0 (compatible; Yahoo! Slurp; http://help.yahoo.com/help/us/ysearch/slurp)"
68.180.224.225 - - [24/May/2025:04:39:18 +0000] "GET /blog/tags/log HTTP/1.1" 200 14096 "-" "psbot/0.1 (+http://www.picsearch.com/bot.html)"
68.180.224.225 - - [24/May/2025:04:39:19 +0000] "GET /blog/tags/log HTTP/1.1" 200 39308 "-" "psbot/0.1 (+http://www.picsearch.com/bot.html)"
68.180.224.225 - - [24/May/2025:04:39:20 +0000] "GET /blog/tags/log HTTP/1.1" 200 5410 "-" "UniversalFeedParser/4.2-pre-314-svn +http://feedparser.org/"
65.55.213.73 - - [24/May/2025:04:39:21 +0000] "GET /blog/tags/ipcp HTTP/1.1" 200 34532 "-" "Mozilla/5.0 (compatible; Yahoo! Slurp; http://help.yahoo.com/help/us/ysearch/slurp)"
68.180.224.225 - - [24/May/2025:04:39:22 +0000] "GET /blog/geekery/insist-on-better-asserts.html HTTP/1.1" 200 28079 "-" "msnbot/2.0b (+http://search.msn.com/msnbot.htm)"
217.212.224.181 - - [24/May/2025:04:39:23 +0000] "GET /about/ HTTP/1.1" 200 3376 "-" "psbot/0.1 (+http://www.picsearch.com/bot.html)"
68.180.224.225 - - [24/May/2025:04:39:24 +0000] "GET /blog/tags/linux HTTP/1.1" 200 20092 "-" "msnbot/2.0b (+http://search.msn.com/msnbot.htm)"
65.55.213.73 - - [24/May/2025:04:39:25 +0000] "GET /blog/tags/sysadmin HTTP/1.1" 200 26404 "-" "Mozilla/5.0 (compatible; special_archiver/3.1.1 +http://www.archive.org/details/archive.org_bot)"
46.105.14.53 - - [24/May/2025:04:39:26 +0000] "GET /about/ HTTP/1.1" 200 22302 "-" "psbot/0.1 (+http://www.picsearch.com/bot.html)"
207.241.237.227 - - [24/May/2025:04:39:27 +0000] "GET /blog/tags/open%20source HTTP/1.1" 200 9603 "-" "Mozilla/5.0 (compatible; Yahoo! Slurp; http://help.yahoo.com/help/us/ysearch/slurp)"
192.95.12.193 - - [24/May/2025:04:39:28 +0000] "GET /about/ HTTP/1.1" 200 32460 "-" "Mozilla/5.0 (compatible; Yahoo! Slurp; http://help.yahoo.com/help/us/ysearch/slurp)"
68.180.224.225 - - [24/May/2025:04:39:29 +0000] "GET /blog/tags/sysadmin HTTP/1.1" 200 4430 "-" "psbot/0.1 (+http://www.picsearch.com/bot.html)"
65.55.213.73 - - [24/May/2025:04:39:30 +0000] "GET /blog/tags/ipcp HTTP/1.1" 200 15882 "-" "Mozilla/5.0 (compatible; special_archiver/3.1.1 +http://www.archive.org/details/archive.org_bot)"
65.55.213.74 - - [24/May/2025:04:39:31 +0000] "GET /blog/tags/log HTTP/1.1" 200 33945 "-" "psbot/0.1 (+http://www.picsearch.com/bot.html)"
65.55.213.73 - - [24/May/2025:04:39:32 +0000] "GET /blog/tags/sysadmin HTTP/1.1" 200 8677 "-" "Mozilla/5.0 (compatible; Yahoo! Slurp; http://help.yahoo.com/help/us/ysearch/slurp)"
207.241.237.227 - - [24/May/2025:04:39:33 +0000] "GET /blog/tags/linux HTTP/1.1" 200 29794 "-" "psbot/0.1 (+http://www.picsearch.com/bot.html)"
217.212.224.181 - - [24/May/2025:04:39:34 +0000] "GET /blog/tags/open%20source HTTP/1.1" 200 5943 "-" "UniversalFeedParser/4.2-pre-314-svn +http://feedparser.org/"
65.55.213.74 - - [24/May/2025:04:39:35 +0000] "GET /blog/geekery/insist-on-better-asserts.html HTTP/1.1" 200 26543 "-" "psbot/0.1 (+http://www.picsearch.com/bot.html)"
